Allocating int...
Allocating Widget...
Allocating long array...
ALLOC() tests passed.
