min of `time_t`: -9223372036854775808
min of `off_t`: -9223372036854775808
min of `pid_t`: -2147483648
min of `dev_t`: 0
min of `blkcnt_t`: 0
min of `uid_t`: 0
min of `size_t`: 0
min of `ssize_t`: -9223372036854775808
min of `intmax_t`: -9223372036854775808
min of `uintmax_t`: 0

max of `time_t`: 9223372036854775807
max of `off_t`: 9223372036854775807
max of `pid_t`: 2147483647
max of `dev_t`: 18446744073709551615
max of `blkcnt_t`: 18446744073709551615
max of `uid_t`: 4294967295
max of `size_t`: 18446744073709551615
max of `ssize_t`: 9223372036854775807
max of `intmax_t`: 9223372036854775807
max of `uintmax_t`: 18446744073709551615
