`CLAMP()` tests passed!
`CLAMP_TO_INTMAX()` tests passed!
