Testing MIN of two values...
Testing MIN of many values...
Testing MAX of two values...
Testing MAX of many values...
