main() (tests/require.c:11) requirement unmet: `"falsy incoming" == ((void *)0)`
