Testing subset slice...
Testing total slice...
Testing empty slice...
SLICE() tests passed.
